Launching lib\main.dart on SM A325F in debug mode...
Running Gradle task 'assembleDebug'...                          
flutter : Unhandled exception:
At C:\Users\Zoin\AppData\Local\Temp\ps-script-b3cc3929-139f-450d-9299-961014a13167.ps1:68 char:50
+ ... Zoin\Desktop\flutter\SEP-Social-App; flutter run --debug 2>&1 | Tee-O ...
+                                          ~~~~~~~~~~~~~~~~~~~~~~~~
    + CategoryInfo          : NotSpecified: (Unhandled exception::String) [], RemoteException
    + FullyQualifiedErrorId : NativeCommandError
 
FileSystemException: writeFrom failed, path = 
'C:\Users\Zoin\AppData\Local\Temp\flutter_tools.dc0057ec\flutter_tool.4598df37\app.dill' (OS Error: There is not 
enough space on the disk, errno = 112)
#0      _checkForErrorResponse (dart:io/common.dart:58)
#1      _RandomAccessFile.writeFrom.<anonymous closure> (dart:io/file_impl.dart:1001)
<asynchronous suspension>
#2      _FileStreamConsumer.addStream.<anonymous closure>.<anonymous closure>.<anonymous closure> 
(dart:io/file_impl.dart:237)
<asynchronous suspension>
The Dart compiler exited unexpectedly.
